==00:00:00:00.000 6074== Memcheck, a memory error detector
==00:00:00:00.000 6074== Copyright (C) 2002-2015, and GNU GPL'd, by Julian Seward et al.
==00:00:00:00.000 6074== Using Valgrind-3.11.0 and LibVEX; rerun with -h for copyright info
==00:00:00:00.000 6074== Command: ./../src/tp uno dos
==00:00:00:00.000 6074== Parent PID: 6073
==00:00:00:00.000 6074== 
==00:00:00:00.695 6074== 
==00:00:00:00.695 6074== FILE DESCRIPTORS: 4 open at exit.
==00:00:00:00.695 6074== Open file descriptor 3: /home/lucas/CLionProjects/ids/test/valgrind.out
==00:00:00:00.695 6074==    <inherited from parent>
==00:00:00:00.695 6074== 
==00:00:00:00.695 6074== Open file descriptor 2:
==00:00:00:00.695 6074==    <inherited from parent>
==00:00:00:00.695 6074== 
==00:00:00:00.695 6074== Open file descriptor 1:
==00:00:00:00.695 6074==    <inherited from parent>
==00:00:00:00.695 6074== 
==00:00:00:00.695 6074== Open file descriptor 0:
==00:00:00:00.695 6074==    <inherited from parent>
==00:00:00:00.695 6074== 
==00:00:00:00.695 6074== 
==00:00:00:00.695 6074== HEAP SUMMARY:
==00:00:00:00.695 6074==     in use at exit: 72,704 bytes in 1 blocks
==00:00:00:00.695 6074==   total heap usage: 3 allocs, 2 frees, 77,352 bytes allocated
==00:00:00:00.695 6074== 
==00:00:00:00.696 6074== 72,704 bytes in 1 blocks are still reachable in loss record 1 of 1
==00:00:00:00.696 6074==    at 0x4C2DB8F: malloc (in /usr/lib/valgrind/vgpreload_memcheck-amd64-linux.so)
==00:00:00:00.696 6074==    by 0x4EC3EFF: ??? (in /usr/lib/x86_64-linux-gnu/libstdc++.so.6.0.21)
==00:00:00:00.696 6074==    by 0x40104E9: call_init.part.0 (dl-init.c:72)
==00:00:00:00.696 6074==    by 0x40105FA: call_init (dl-init.c:30)
==00:00:00:00.696 6074==    by 0x40105FA: _dl_init (dl-init.c:120)
==00:00:00:00.696 6074==    by 0x4000CF9: ??? (in /lib/x86_64-linux-gnu/ld-2.23.so)
==00:00:00:00.696 6074==    by 0x2: ???
==00:00:00:00.696 6074==    by 0xFFF0006FA: ???
==00:00:00:00.696 6074==    by 0xFFF000706: ???
==00:00:00:00.696 6074==    by 0xFFF00070A: ???
==00:00:00:00.696 6074== 
==00:00:00:00.696 6074== LEAK SUMMARY:
==00:00:00:00.696 6074==    definitely lost: 0 bytes in 0 blocks
==00:00:00:00.696 6074==    indirectly lost: 0 bytes in 0 blocks
==00:00:00:00.696 6074==      possibly lost: 0 bytes in 0 blocks
==00:00:00:00.696 6074==    still reachable: 72,704 bytes in 1 blocks
==00:00:00:00.696 6074==         suppressed: 0 bytes in 0 blocks
==00:00:00:00.696 6074== 
==00:00:00:00.696 6074== For counts of detected and suppressed errors, rerun with: -v
==00:00:00:00.696 6074== ERROR SUMMARY: 0 errors from 0 contexts (suppressed: 0 from 0)
[SERCOM] Summary
[SERCOM] Command Line: /usr/bin/valgrind --tool=memcheck --trace-children=yes --track-fds=yes --time-stamp=yes --num-callers=20 --error-exitcode=42 --leak-check=full --leak-resolution=med --log-file=valgrind.out --show-reachable=yes --suppressions=suppressions.txt
[SERCOM] Error code configured for Valgrind: 42.
[SERCOM] Valgrind execution result: 0.
[SERCOM] Valgrind result: Success.
